1992,MFGR#2221,437461586.00
1993,MFGR#2221,517845090.00
1994,MFGR#2221,520189444.00
1995,MFGR#2221,481394807.00
1996,MFGR#2221,487836568.00
1997,MFGR#2221,555005796.00
1998,MFGR#2221,313400063.00
