UNITED KI5,UNITED KI1,1997,1417432.00
UNITED KI1,UNITED KI1,1997,5908029.00
UNITED KI5,UNITED KI5,1997,475200.00
